// Jest Snapshot v1, https://goo.gl/fbAQLP

exports[`ErrorBoundary Component ErrorBoundary matches snapshot 1`] = `"Empty"`;
